// Jest Snapshot v1, https://goo.gl/fbAQLP

exports[`block-container renders with default values 1`] = `
<DocumentFragment>
  <div />
</DocumentFragment>
`;
